PS C:\Users\masato> cd C:\Users\masato\Desktop\samurai
PS C:\Users\masato\Desktop\samurai> mkdir git_challenge


    ディレクトリ: C:\Users\masato\Desktop\samurai


Mode                 LastWriteTime         Length Name
----                 -------------         ------ ----
d-----        2024/06/23     18:03                git_challenge


PS C:\Users\masato\Desktop\samurai> cd git_challenge
PS C:\Users\masato\Desktop\samurai\git_challenge> git init
Initialized empty Git repository in C:/Users/masato/Desktop/samurai/git_challenge/.git/
PS C:\Users\masato\Desktop\samurai\git_challenge> echo "Hello,world!" >> hello_world.txt
PS C:\Users\masato\Desktop\samurai\git_challenge> git add hello_world.txt
PS C:\Users\masato\Desktop\samurai\git_challenge> git log --oneline
fatal: your current branch 'main' does not have any commits yet
PS C:\Users\masato\Desktop\samurai\git_challenge> git commit -m "hello_world.txtの追加"
[main (root-commit) 4c65886] hello_world.txtの追加
 1 file changed, 0 insertions(+), 0 deletions(-)
 create mode 100644 hello_world.txt
PS C:\Users\masato\Desktop\samurai\git_challenge> git log --oneline
4c65886 (HEAD -> main) hello_world.txtの追加
PS C:\Users\masato\Desktop\samurai\git_challenge> git add hello_world.txt
PS C:\Users\masato\Desktop\samurai\git_challenge>  git commit -m "日本語訳を追記"
[main 4032044] 日本語訳を追記
 1 file changed, 0 insertions(+), 0 deletions(-)
PS C:\Users\masato\Desktop\samurai\git_challenge> git log --oneline
4032044 (HEAD -> main) 日本語訳を追記
4c65886 hello_world.txtの追加
PS C:\Users\masato\Desktop\samurai\git_challenge>